[2025-Dec-23 18:56:35.346 +01:00][90066:90066][info ] Logging initialized
[2025-Dec-23 18:56:35.346 +01:00][90066:90066][info ] Initializing krisp SDK...
[2025-Dec-23 18:56:35.346 +01:00][90066:90066][info ] DoKrispInitialize
[2025-Dec-23 18:56:36.279 +01:00][90066:90066][info ] LoadDynamicKrisp
[2025-Dec-23 18:56:36.279 +01:00][90066:90066][info ] Did not find KRISP_DYLIB_PATH, skipping dynamic loading
[2025-Dec-23 18:56:36.279 +01:00][90066:90066][info ] Initializing Krisp SDK in PID 90066, addr 0x7fc83ff5cf90
[2025-Dec-23 18:56:36.288 +01:00][90066:90066][info ] Initialized Krisp SDK successfully
[2025-Dec-23 18:56:36.288 +01:00][90066:90066][info ] Krisp SDK initialized
[2025-Dec-23 19:46:44.594 +01:00][114197:114197][info ] Logging initialized
[2025-Dec-23 19:46:44.595 +01:00][114197:114197][info ] Initializing krisp SDK...
[2025-Dec-23 19:46:44.595 +01:00][114197:114197][info ] DoKrispInitialize
[2025-Dec-23 19:46:45.127 +01:00][114197:114197][info ] LoadDynamicKrisp
[2025-Dec-23 19:46:45.127 +01:00][114197:114197][info ] Did not find KRISP_DYLIB_PATH, skipping dynamic loading
[2025-Dec-23 19:46:45.127 +01:00][114197:114197][info ] Initializing Krisp SDK in PID 114197, addr 0x7de55336cf90
[2025-Dec-23 19:46:45.129 +01:00][114197:114197][info ] Initialized Krisp SDK successfully
[2025-Dec-23 19:46:45.129 +01:00][114197:114197][info ] Krisp SDK initialized
[2025-Dec-23 19:46:49.125 +01:00][114197:114197][info ] Logging initialized
[2025-Dec-23 19:46:49.125 +01:00][114197:114197][info ] Initializing krisp SDK...
[2025-Dec-23 19:46:49.125 +01:00][114197:114197][info ] Krisp SDK initialized
[2025-Dec-24 09:48:55.128 +01:00][70615:70615][info ] Logging initialized
[2025-Dec-24 09:48:55.128 +01:00][70615:70615][info ] Initializing krisp SDK...
[2025-Dec-24 09:48:55.128 +01:00][70615:70615][info ] DoKrispInitialize
[2025-Dec-24 09:48:55.695 +01:00][70615:70615][info ] LoadDynamicKrisp
[2025-Dec-24 09:48:55.695 +01:00][70615:70615][info ] Did not find KRISP_DYLIB_PATH, skipping dynamic loading
[2025-Dec-24 09:48:55.695 +01:00][70615:70615][info ] Initializing Krisp SDK in PID 70615, addr 0x7f26a9a6cf90
[2025-Dec-24 09:48:55.698 +01:00][70615:70615][info ] Initialized Krisp SDK successfully
[2025-Dec-24 09:48:55.698 +01:00][70615:70615][info ] Krisp SDK initialized
[2025-Dec-25 10:01:07.670 +01:00][10163:10163][info ] Logging initialized
[2025-Dec-25 10:01:07.670 +01:00][10163:10163][info ] Initializing krisp SDK...
[2025-Dec-25 10:01:07.670 +01:00][10163:10163][info ] DoKrispInitialize
[2025-Dec-25 10:01:08.234 +01:00][10163:10163][info ] LoadDynamicKrisp
[2025-Dec-25 10:01:08.234 +01:00][10163:10163][info ] Did not find KRISP_DYLIB_PATH, skipping dynamic loading
[2025-Dec-25 10:01:08.234 +01:00][10163:10163][info ] Initializing Krisp SDK in PID 10163, addr 0x7e888a46cf90
[2025-Dec-25 10:01:08.237 +01:00][10163:10163][info ] Initialized Krisp SDK successfully
[2025-Dec-25 10:01:08.237 +01:00][10163:10163][info ] Krisp SDK initialized
[2025-Dec-25 13:42:50.748 +01:00][ 9128: 9128][info ] Logging initialized
[2025-Dec-25 13:42:50.748 +01:00][ 9128: 9128][info ] Initializing krisp SDK...
[2025-Dec-25 13:42:50.748 +01:00][ 9128: 9128][info ] DoKrispInitialize
[2025-Dec-25 13:42:51.342 +01:00][ 9128: 9128][info ] LoadDynamicKrisp
[2025-Dec-25 13:42:51.342 +01:00][ 9128: 9128][info ] Did not find KRISP_DYLIB_PATH, skipping dynamic loading
[2025-Dec-25 13:42:51.342 +01:00][ 9128: 9128][info ] Initializing Krisp SDK in PID 9128, addr 0x7f9bc586cf90
[2025-Dec-25 13:42:51.345 +01:00][ 9128: 9128][info ] Initialized Krisp SDK successfully
[2025-Dec-25 13:42:51.345 +01:00][ 9128: 9128][info ] Krisp SDK initialized
[2025-Dec-25 18:43:02.504 +01:00][ 6943: 6943][info ] Logging initialized
[2025-Dec-25 18:43:02.504 +01:00][ 6943: 6943][info ] Initializing krisp SDK...
[2025-Dec-25 18:43:02.504 +01:00][ 6943: 6943][info ] DoKrispInitialize
[2025-Dec-25 18:43:03.133 +01:00][ 6943: 6943][info ] LoadDynamicKrisp
[2025-Dec-25 18:43:03.133 +01:00][ 6943: 6943][info ] Did not find KRISP_DYLIB_PATH, skipping dynamic loading
[2025-Dec-25 18:43:03.133 +01:00][ 6943: 6943][info ] Initializing Krisp SDK in PID 6943, addr 0x7fe4b676cf90
[2025-Dec-25 18:43:03.137 +01:00][ 6943: 6943][info ] Initialized Krisp SDK successfully
[2025-Dec-25 18:43:03.137 +01:00][ 6943: 6943][info ] Krisp SDK initialized
[2025-Dec-25 18:47:49.269 +01:00][ 1018: 1018][info ] Logging initialized
[2025-Dec-25 18:47:49.269 +01:00][ 1018: 1018][info ] Initializing krisp SDK...
[2025-Dec-25 18:47:49.269 +01:00][ 1018: 1018][info ] DoKrispInitialize
[2025-Dec-25 18:47:49.900 +01:00][ 1018: 1018][info ] LoadDynamicKrisp
[2025-Dec-25 18:47:49.900 +01:00][ 1018: 1018][info ] Did not find KRISP_DYLIB_PATH, skipping dynamic loading
[2025-Dec-25 18:47:49.900 +01:00][ 1018: 1018][info ] Initializing Krisp SDK in PID 1018, addr 0x7f16e1b6cf90
[2025-Dec-25 18:47:49.904 +01:00][ 1018: 1018][info ] Initialized Krisp SDK successfully
[2025-Dec-25 18:47:49.904 +01:00][ 1018: 1018][info ] Krisp SDK initialized
[2025-Dec-25 22:45:09.084 +01:00][ 1012: 1012][info ] Logging initialized
[2025-Dec-25 22:45:09.084 +01:00][ 1012: 1012][info ] Initializing krisp SDK...
[2025-Dec-25 22:45:09.084 +01:00][ 1012: 1012][info ] DoKrispInitialize
[2025-Dec-25 22:45:09.701 +01:00][ 1012: 1012][info ] LoadDynamicKrisp
[2025-Dec-25 22:45:09.701 +01:00][ 1012: 1012][info ] Did not find KRISP_DYLIB_PATH, skipping dynamic loading
[2025-Dec-25 22:45:09.701 +01:00][ 1012: 1012][info ] Initializing Krisp SDK in PID 1012, addr 0x7f6c13a6cf90
[2025-Dec-25 22:45:09.705 +01:00][ 1012: 1012][info ] Initialized Krisp SDK successfully
[2025-Dec-25 22:45:09.705 +01:00][ 1012: 1012][info ] Krisp SDK initialized
[2025-Dec-26 20:47:25.897 +01:00][ 2925: 2925][info ] Logging initialized
[2025-Dec-26 20:47:25.897 +01:00][ 2925: 2925][info ] Initializing krisp SDK...
[2025-Dec-26 20:47:25.897 +01:00][ 2925: 2925][info ] DoKrispInitialize
[2025-Dec-26 20:47:26.528 +01:00][ 2925: 2925][info ] LoadDynamicKrisp
[2025-Dec-26 20:47:26.528 +01:00][ 2925: 2925][info ] Did not find KRISP_DYLIB_PATH, skipping dynamic loading
[2025-Dec-26 20:47:26.528 +01:00][ 2925: 2925][info ] Initializing Krisp SDK in PID 2925, addr 0x7fb16546cf90
[2025-Dec-26 20:47:26.531 +01:00][ 2925: 2925][info ] Initialized Krisp SDK successfully
[2025-Dec-26 20:47:26.531 +01:00][ 2925: 2925][info ] Krisp SDK initialized
[2025-Dec-26 21:30:39.635 +01:00][13903:13903][info ] Logging initialized
[2025-Dec-26 21:30:39.635 +01:00][13903:13903][info ] Initializing krisp SDK...
[2025-Dec-26 21:30:39.635 +01:00][13903:13903][info ] DoKrispInitialize
[2025-Dec-26 21:30:40.053 +01:00][13903:13903][info ] LoadDynamicKrisp
[2025-Dec-26 21:30:40.053 +01:00][13903:13903][info ] Did not find KRISP_DYLIB_PATH, skipping dynamic loading
[2025-Dec-26 21:30:40.053 +01:00][13903:13903][info ] Initializing Krisp SDK in PID 13903, addr 0x7fa9dfb6cf90
[2025-Dec-26 21:30:40.053 +01:00][13903:13903][info ] Initialized Krisp SDK successfully
[2025-Dec-26 21:30:40.053 +01:00][13903:13903][info ] Krisp SDK initialized
[2025-Dec-26 21:56:44.890 +01:00][ 2474: 2474][info ] Logging initialized
[2025-Dec-26 21:56:44.890 +01:00][ 2474: 2474][info ] Initializing krisp SDK...
[2025-Dec-26 21:56:44.890 +01:00][ 2474: 2474][info ] DoKrispInitialize
[2025-Dec-26 21:56:45.548 +01:00][ 2474: 2474][info ] LoadDynamicKrisp
[2025-Dec-26 21:56:45.548 +01:00][ 2474: 2474][info ] Did not find KRISP_DYLIB_PATH, skipping dynamic loading
[2025-Dec-26 21:56:45.548 +01:00][ 2474: 2474][info ] Initializing Krisp SDK in PID 2474, addr 0x7f81ab26cf90
[2025-Dec-26 21:56:45.555 +01:00][ 2474: 2474][info ] Initialized Krisp SDK successfully
[2025-Dec-26 21:56:45.555 +01:00][ 2474: 2474][info ] Krisp SDK initialized
[2025-Dec-26 22:21:40.686 +01:00][ 6197: 6197][info ] Logging initialized
[2025-Dec-26 22:21:40.686 +01:00][ 6197: 6197][info ] Initializing krisp SDK...
[2025-Dec-26 22:21:40.686 +01:00][ 6197: 6197][info ] DoKrispInitialize
[2025-Dec-26 22:21:42.447 +01:00][ 6197: 6197][info ] LoadDynamicKrisp
[2025-Dec-26 22:21:42.447 +01:00][ 6197: 6197][info ] Did not find KRISP_DYLIB_PATH, skipping dynamic loading
[2025-Dec-26 22:21:42.447 +01:00][ 6197: 6197][info ] Initializing Krisp SDK in PID 6197, addr 0x7fd09d13cf90
[2025-Dec-26 22:21:42.451 +01:00][ 6197: 6197][info ] Initialized Krisp SDK successfully
[2025-Dec-26 22:21:42.451 +01:00][ 6197: 6197][info ] Krisp SDK initialized
[2025-Dec-28 11:36:33.646 +01:00][ 7325: 7325][info ] Logging initialized
[2025-Dec-28 11:36:33.646 +01:00][ 7325: 7325][info ] Initializing krisp SDK...
[2025-Dec-28 11:36:33.646 +01:00][ 7325: 7325][info ] DoKrispInitialize
[2025-Dec-28 11:36:34.287 +01:00][ 7325: 7325][info ] LoadDynamicKrisp
[2025-Dec-28 11:36:34.287 +01:00][ 7325: 7325][info ] Did not find KRISP_DYLIB_PATH, skipping dynamic loading
[2025-Dec-28 11:36:34.287 +01:00][ 7325: 7325][info ] Initializing Krisp SDK in PID 7325, addr 0x7fc06316cf90
[2025-Dec-28 11:36:34.290 +01:00][ 7325: 7325][info ] Initialized Krisp SDK successfully
[2025-Dec-28 11:36:34.290 +01:00][ 7325: 7325][info ] Krisp SDK initialized
